in_source: |-
  org 10
  out_port:
      .word 0

  _start:
      in
      loop:
          out out_port
          in
          jz break
          jmp loop
      break:
          hlt
in_stdin: |-
  hello
out_code: |-
  [{"index": 0, "opcode": "JMP", "value": 11, "is_indirect": false},
  {"index": 10, "opcode": "NOP", "value": 0, "is_indirect": false},
  {"index": 11, "opcode": "IN", "value": "in", "is_indirect": false},
  {"index": 12, "opcode": "OUT", "value": 10, "is_indirect": false},
  {"index": 13, "opcode": "IN", "value": "in", "is_indirect": false},
  {"index": 14, "opcode": "JZ", "value": 16, "is_indirect": false},
  {"index": 15, "opcode": "JMP", "value": 12, "is_indirect": false},
  {"index": 16, "opcode": "HLT", "value": "hlt", "is_indirect": false}]
out_stdout: |
  source LoC: 12 code instr: 8
  ============================================================
  hello
  count of instructions:  21
  count of ticks:  61
out_log: |
  DEBUG   machine:run_fetches   TICK:    3 | AC       0 | IR: JMP  | ADDR:    0 | PC:  11 | DR:      11 | SP :    0 | mem[ADDR]      11 | ToMEM :   0 |
  DEBUG   machine:latch_acc     INPUT 104
  DEBUG   machine:run_fetches   TICK:    6 | AC     104 | IR: IN   | ADDR:   11 | PC:  12 | DR: in      | SP :    0 | mem[ADDR] in      | ToMEM :   0 |
  DEBUG   machine:latch_output  symbols buffer:  << 'h'
  DEBUG   machine:run_fetches   TICK:    9 | AC     104 | IR: OUT  | ADDR:   10 | PC:  13 | DR:       0 | SP :    0 | mem[ADDR]       0 | ToMEM :   0 |
  DEBUG   machine:latch_acc     INPUT 101
  DEBUG   machine:run_fetches   TICK:   12 | AC     101 | IR: IN   | ADDR:   13 | PC:  14 | DR: in      | SP :    0 | mem[ADDR] in      | ToMEM :   0 |
  DEBUG   machine:run_fetches   TICK:   14 | AC     101 | IR: JZ   | ADDR:   14 | PC:  15 | DR:      16 | SP :    0 | mem[ADDR]      16 | ToMEM :   0 |
  DEBUG   machine:run_fetches   TICK:   17 | AC     101 | IR: JMP  | ADDR:   15 | PC:  12 | DR:      12 | SP :    0 | mem[ADDR]      12 | ToMEM :   0 |
  DEBUG   machine:latch_output  symbols buffer: h << 'e'
  DEBUG   machine:run_fetches   TICK:   20 | AC     101 | IR: OUT  | ADDR:   10 | PC:  13 | DR:       0 | SP :    0 | mem[ADDR]       0 | ToMEM :   0 |
  DEBUG   machine:latch_acc     INPUT 108
  DEBUG   machine:run_fetches   TICK:   23 | AC     108 | IR: IN   | ADDR:   13 | PC:  14 | DR: in      | SP :    0 | mem[ADDR] in      | ToMEM :   0 |
  DEBUG   machine:run_fetches   TICK:   25 | AC     108 | IR: JZ   | ADDR:   14 | PC:  15 | DR:      16 | SP :    0 | mem[ADDR]      16 | ToMEM :   0 |
  DEBUG   machine:run_fetches   TICK:   28 | AC     108 | IR: JMP  | ADDR:   15 | PC:  12 | DR:      12 | SP :    0 | mem[ADDR]      12 | ToMEM :   0 |
  DEBUG   machine:latch_output  symbols buffer: he << 'l'
  DEBUG   machine:run_fetches   TICK:   31 | AC     108 | IR: OUT  | ADDR:   10 | PC:  13 | DR:       0 | SP :    0 | mem[ADDR]       0 | ToMEM :   0 |
  DEBUG   machine:latch_acc     INPUT 108
  DEBUG   machine:run_fetches   TICK:   34 | AC     108 | IR: IN   | ADDR:   13 | PC:  14 | DR: in      | SP :    0 | mem[ADDR] in      | ToMEM :   0 |
  DEBUG   machine:run_fetches   TICK:   36 | AC     108 | IR: JZ   | ADDR:   14 | PC:  15 | DR:      16 | SP :    0 | mem[ADDR]      16 | ToMEM :   0 |
  DEBUG   machine:run_fetches   TICK:   39 | AC     108 | IR: JMP  | ADDR:   15 | PC:  12 | DR:      12 | SP :    0 | mem[ADDR]      12 | ToMEM :   0 |
  DEBUG   machine:latch_output  symbols buffer: hel << 'l'
  DEBUG   machine:run_fetches   TICK:   42 | AC     108 | IR: OUT  | ADDR:   10 | PC:  13 | DR:       0 | SP :    0 | mem[ADDR]       0 | ToMEM :   0 |
  DEBUG   machine:latch_acc     INPUT 111
  DEBUG   machine:run_fetches   TICK:   45 | AC     111 | IR: IN   | ADDR:   13 | PC:  14 | DR: in      | SP :    0 | mem[ADDR] in      | ToMEM :   0 |
  DEBUG   machine:run_fetches   TICK:   47 | AC     111 | IR: JZ   | ADDR:   14 | PC:  15 | DR:      16 | SP :    0 | mem[ADDR]      16 | ToMEM :   0 |
  DEBUG   machine:run_fetches   TICK:   50 | AC     111 | IR: JMP  | ADDR:   15 | PC:  12 | DR:      12 | SP :    0 | mem[ADDR]      12 | ToMEM :   0 |
  DEBUG   machine:latch_output  symbols buffer: hell << 'o'
  DEBUG   machine:run_fetches   TICK:   53 | AC     111 | IR: OUT  | ADDR:   10 | PC:  13 | DR:       0 | SP :    0 | mem[ADDR]       0 | ToMEM :   0 |
  DEBUG   machine:run_fetches   TICK:   56 | AC       0 | IR: IN   | ADDR:   13 | PC:  14 | DR: in      | SP :    0 | mem[ADDR] in      | ToMEM :   0 |
  DEBUG   machine:run_fetches   TICK:   59 | AC       0 | IR: JZ   | ADDR:   14 | PC:  16 | DR:      16 | SP :    0 | mem[ADDR]      16 | ToMEM :   0 |
  INFO    machine:simulation    symbol_buffer: 'hello'
  INFO    machine:simulation    numeric_buffer: []

